{
  "version": "1.5.0",
  "plugins_used": [
    {
      "name": "ArtifactoryDetector"
    },
    {
      "name": "AWSKeyDetector"
    },
    {
      "name": "AzureStorageKeyDetector"
    },
    {
      "name": "Base64HighEntropyString",
      "limit": 4.5
    },
    {
      "name": "BasicAuthDetector"
    },
    {
      "name": "CloudantDetector"
    },
    {
      "name": "DiscordBotTokenDetector"
    },
    {
      "name": "GitHubTokenDetector"
    },
    {
      "name": "GitLabTokenDetector"
    },
    {
      "name": "HexHighEntropyString",
      "limit": 3.0
    },
    {
      "name": "IbmCloudIamDetector"
    },
    {
      "name": "IbmCosHmacDetector"
    },
    {
      "name": "IPPublicDetector"
    },
    {
      "name": "JwtTokenDetector"
    },
    {
      "name": "KeywordDetector",
      "keyword_exclude": ""
    },
    {
      "name": "MailchimpDetector"
    },
    {
      "name": "NpmDetector"
    },
    {
      "name": "OpenAIDetector"
    },
    {
      "name": "PrivateKeyDetector"
    },
    {
      "name": "PypiTokenDetector"
    },
    {
      "name": "SendGridDetector"
    },
    {
      "name": "SlackDetector"
    },
    {
      "name": "SoftlayerDetector"
    },
    {
      "name": "SquareOAuthDetector"
    },
    {
      "name": "StripeDetector"
    },
    {
      "name": "TelegramBotTokenDetector"
    },
    {
      "name": "TwilioKeyDetector"
    }
  ],
  "filters_used": [
    {
      "path": "detect_secrets.filters.allowlist.is_line_allowlisted"
    },
    {
      "path": "detect_secrets.filters.common.is_ignored_due_to_verification_policies",
      "min_level": 2
    },
    {
      "path": "detect_secrets.filters.heuristic.is_indirect_reference"
    },
    {
      "path": "detect_secrets.filters.heuristic.is_likely_id_string"
    },
    {
      "path": "detect_secrets.filters.heuristic.is_lock_file"
    },
    {
      "path": "detect_secrets.filters.heuristic.is_not_alphanumeric_string"
    },
    {
      "path": "detect_secrets.filters.heuristic.is_potential_uuid"
    },
    {
      "path": "detect_secrets.filters.heuristic.is_prefixed_with_dollar_sign"
    },
    {
      "path": "detect_secrets.filters.heuristic.is_sequential_string"
    },
    {
      "path": "detect_secrets.filters.heuristic.is_swagger_file"
    },
    {
      "path": "detect_secrets.filters.heuristic.is_templated_secret"
    }
  ],
  "results": {
    ".github\\workflows\\ci.yml": [
      {
        "type": "Secret Keyword",
        "filename": ".github\\workflows\\ci.yml",
        "hashed_secret": "df842c49d8d3277a0170ffac5782a3cbe61b1feb",
        "is_verified": false,
        "line_number": 31
      },
      {
        "type": "Secret Keyword",
        "filename": ".github\\workflows\\ci.yml",
        "hashed_secret": "dc5f72fcc64e44ece1aa8dfab21ddfce0fc8772b",
        "is_verified": false,
        "line_number": 106
      }
    ],
    "alembic.ini": [
      {
        "type": "Basic Auth Credentials",
        "filename": "alembic.ini",
        "hashed_secret": "5baa61e4c9b93f3f0682250b6cf8331b7ee68fd8",
        "is_verified": false,
        "line_number": 89
      }
    ],
    "alembic\\versions\\2026\\01\\25_2149_52_19cfef6b2cba_create_price_ticks_table.py": [
      {
        "type": "Hex High Entropy String",
        "filename": "alembic\\versions\\2026\\01\\25_2149_52_19cfef6b2cba_create_price_ticks_table.py",
        "hashed_secret": "89c7743c6aa460fa307ce918c3a8cb8a15935865",
        "is_verified": false,
        "line_number": 16
      }
    ],
    "app\\core\\config.py": [
      {
        "type": "Basic Auth Credentials",
        "filename": "app\\core\\config.py",
        "hashed_secret": "5baa61e4c9b93f3f0682250b6cf8331b7ee68fd8",
        "is_verified": false,
        "line_number": 43
      }
    ],
    "tests\\test_config.py": [
      {
        "type": "Secret Keyword",
        "filename": "tests\\test_config.py",
        "hashed_secret": "e5e9fa1ba31ecd1ae84f75caaa474f3a663f05f4",
        "is_verified": false,
        "line_number": 32
      },
      {
        "type": "Secret Keyword",
        "filename": "tests\\test_config.py",
        "hashed_secret": "c94d65f02a652d11c2e5c2e1ccf38dce5a076e1e",
        "is_verified": false,
        "line_number": 73
      },
      {
        "type": "Basic Auth Credentials",
        "filename": "tests\\test_config.py",
        "hashed_secret": "c94d65f02a652d11c2e5c2e1ccf38dce5a076e1e",
        "is_verified": false,
        "line_number": 78
      },
      {
        "type": "Secret Keyword",
        "filename": "tests\\test_config.py",
        "hashed_secret": "1adfce9fa4bc6b1cbdf95ac2dc6180175da7558b",
        "is_verified": false,
        "line_number": 89
      },
      {
        "type": "Secret Keyword",
        "filename": "tests\\test_config.py",
        "hashed_secret": "72cb70dbbafe97e5ea13ad88acd65d08389439b0",
        "is_verified": false,
        "line_number": 121
      },
      {
        "type": "Secret Keyword",
        "filename": "tests\\test_config.py",
        "hashed_secret": "ee27c133da056b1013f88c712f92460bc7b3c90a",
        "is_verified": false,
        "line_number": 129
      },
      {
        "type": "Secret Keyword",
        "filename": "tests\\test_config.py",
        "hashed_secret": "a94a8fe5ccb19ba61c4c0873d391e987982fbbd3",
        "is_verified": false,
        "line_number": 240
      },
      {
        "type": "Secret Keyword",
        "filename": "tests\\test_config.py",
        "hashed_secret": "fca268ae2442d5cabc3e12d87b349adf8bf7d76c",
        "is_verified": false,
        "line_number": 316
      }
    ]
  },
  "generated_at": "2026-01-26T20:19:50Z"
}
